NOTICE:  MD5 password cleared because of role rename
