ERROR:  cannot inherit from replicated relation "rebels"
